// Jest Snapshot v1, https://goo.gl/fbAQLP

exports[`LazyScroll should render correctly 1`] = `
<div>
  <div
    className="MuiGrid-root MuiGrid-container MuiGrid-spacing-xs-3"
  />
</div>
`;
