// Jest Snapshot v1, https://goo.gl/fbAQLP

exports[`CharacterListPage should render correctly 1`] = `
<div
  className="root"
>
  <div>
    <div
      className="MuiGrid-root MuiGrid-container MuiGrid-spacing-xs-3"
    />
  </div>
</div>
`;
