// Jest Snapshot v1, https://goo.gl/fbAQLP

exports[`NatfoundPage should render correctly 1`] = `
<div
  className="img_container"
>
  <img
    alt="404"
    className="img"
    src="404.jpg"
  />
</div>
`;
